# proto-file: arolla/proto/io.proto
# proto-message: ModelInputOutputInfo
# THIS FILE IS AUTOGENERATED. DO NOT EDIT.
# Build target: //py/arolla/codegen/testing/scalars:x_plus_y_times_5_with_export
inputs {
  name: "x"
}
inputs {
  name: "y"
}
side_outputs {
  name: "xpy"
}
side_outputs {
  name: "xty"
}
