#ifndef AROLLA_CODEGEN_IO_TESTING_INPUT_LOADER_WITH_WILDCARDS_H_
#define AROLLA_CODEGEN_IO_TESTING_INPUT_LOADER_WITH_WILDCARDS_H_

// THIS FILE IS AUTOGENERATED. DO NOT EDIT.
// Build target: //arolla/codegen/io/testing:input_loader_with_wildcards

#include <memory>
#include <string>


#include "arolla/proto/test.pb.h"
#include "absl/types/span.h"
#include "arolla/io/input_loader.h"

namespace my_namespace {

// Returns generated InputLoader with names:
//
// * /ys
//
// and wildcards:
//
// * /map_int["%s"]
// * /map_string_inner["%s"]/a
// * /map_string_inner["%s"]/as
//
std::unique_ptr<::arolla::InputLoader<::testing_namespace::Root>>
GetWildcardMapProtoLoader();

}  // namespace my_namespace

#endif  // AROLLA_CODEGEN_IO_TESTING_INPUT_LOADER_WITH_WILDCARDS_H_
