#ifndef AROLLA_CODEGEN_IO_TESTING_TEST_STRUCT_INPUT_LOADER_H_
#define AROLLA_CODEGEN_IO_TESTING_TEST_STRUCT_INPUT_LOADER_H_

// THIS FILE IS AUTOGENERATED. DO NOT EDIT.
// Build target: //arolla/codegen/io/testing:test_struct_input_loader

#include <memory>
#include <string>


#include "arolla/codegen/io/testing/test_native_struct.h"
#include "arolla/codegen/io/testing/test_proto_qtype.h"
#include "arolla/util/text.h"
#include "absl//types/span.h"
#include "arolla/io/input_loader.h"

namespace my_namespace {

// Returns generated InputLoader with names:
//
// * /inner/a
// * /inner_proto
// * /inner_proto/a
// * /x
// * raw_bytes
// * str
//
// and wildcards:
//
//
std::unique_ptr<::arolla::InputLoader<::testing_namespace::RootNativeStruct>>
GetStructLoader();

}  // namespace my_namespace

#endif  // AROLLA_CODEGEN_IO_TESTING_TEST_STRUCT_INPUT_LOADER_H_
