#ifndef AROLLA_CODEGEN_IO_TESTING_TEST_PROTO_INPUT_LOADER_WITH_DUPLICATED_CONFIGURATION_H_
#define AROLLA_CODEGEN_IO_TESTING_TEST_PROTO_INPUT_LOADER_WITH_DUPLICATED_CONFIGURATION_H_

// THIS FILE IS AUTOGENERATED. DO NOT EDIT.
// Build target: //arolla/codegen/io/testing:test_proto_input_loader_with_duplicated_configuration

#include <string>


#include "arolla/proto/test.pb.h"
#include "absl/types/span.h"
#include "arolla/io/input_loader.h"

namespace my_namespace {

// Returns generated InputLoader with names:
//
// * /x
// * y
//
// and wildcards:
//
//
::arolla::InputLoaderPtr<::testing_namespace::Root>
GetProtoLoaderWithDuplicatedConfiguration();

}  // namespace my_namespace

#endif  // AROLLA_CODEGEN_IO_TESTING_TEST_PROTO_INPUT_LOADER_WITH_DUPLICATED_CONFIGURATION_H_
