// THIS FILE IS AUTOGENERATED. DO NOT EDIT.
// Build target: //arolla/codegen/io/testing:test_descriptor_input_loader_with_no_repeated

#include <memory>


#include "arolla/codegen/io/multi_loader.h"
#include "arolla/proto/test.pb.h"
#include "arolla/proto/test_proto3.pb.h"
#include "arolla/proto/types.h"
#include "arolla/util/map.h"
#include "arolla/util/text.h"
#include "arolla/codegen/qtype_utils.h"
#include "arolla/io/accessors_input_loader.h"
#include "arolla/io/input_loader.h"
#include "arolla/io/wildcard_input_loader.h"
#include "arolla/proto/types.h"
#include "arolla/qtype/base_types.h"

namespace {
using ::absl::OkStatus;
using ::absl::Status;
using ::absl::StatusOr;
using ::arolla::BoundInputLoader;
using ::arolla::ChainInputLoader;
using ::arolla::FramePtr;
using ::arolla::GetQType;
using ::arolla::InputLoader;
using ::arolla::QTypePtr;
using ::arolla::RawBufferFactory;
using ::arolla::TypedSlot;
using ::arolla::WildcardInputLoader;
}  // namespace

namespace my_namespace_GetDescriptorBasedLoaderWithoutRepeatedImplNamespace {

using Input = ::testing_namespace::Root;

namespace shard2 {
namespace {
namespace single_value_protopath {

using ::arolla::codegen::io::kSkippedOffset;

// In this namespace protopath inputs with `OptionalValue` and `DenseArrayShape`
// are being loaded.

using HierarchicalSingleValueRequestedInputs =
    ::arolla::codegen::io::HierarchicalSingleValueRequestedInputsData<
        /*kLeafCount=*/9,
        /*kNodeCount=*/12>;

// Provides access to the output pointers for each leaf.
class OutputProvider {
 public:
  const HierarchicalSingleValueRequestedInputs* requested_inputs;
  FramePtr frame;

 public:

  // protopath=`x4` name=`/x4`
  ABSL_ATTRIBUTE_ALWAYS_INLINE auto* GetMutable0(size_t offset) const {
    using value_type = std::decay_t<decltype(
        std::declval<const Input&>().x4())>;
    using result_type = HierarchicalSingleValueRequestedInputs::value_type<value_type>;
    DCHECK_NE(
        requested_inputs->common.leaf_frame_offsets[0],
        kSkippedOffset);
    return frame.GetMutable(
      ::arolla::FrameLayout::Slot<result_type>::UnsafeSlotFromOffset(
          offset));
  }

  // protopath=`x5` name=`/x5`
  ABSL_ATTRIBUTE_ALWAYS_INLINE auto* GetMutable1(size_t offset) const {
    using value_type = std::decay_t<decltype(
        std::declval<const Input&>().x5())>;
    using result_type = HierarchicalSingleValueRequestedInputs::value_type<value_type>;
    DCHECK_NE(
        requested_inputs->common.leaf_frame_offsets[1],
        kSkippedOffset);
    return frame.GetMutable(
      ::arolla::FrameLayout::Slot<result_type>::UnsafeSlotFromOffset(
          offset));
  }

  // protopath=`x6` name=`/x6`
  ABSL_ATTRIBUTE_ALWAYS_INLINE auto* GetMutable2(size_t offset) const {
    using value_type = std::decay_t<decltype(
        std::declval<const Input&>().x6())>;
    using result_type = HierarchicalSingleValueRequestedInputs::value_type<value_type>;
    DCHECK_NE(
        requested_inputs->common.leaf_frame_offsets[2],
        kSkippedOffset);
    return frame.GetMutable(
      ::arolla::FrameLayout::Slot<result_type>::UnsafeSlotFromOffset(
          offset));
  }

  // protopath=`x7` name=`/x7`
  ABSL_ATTRIBUTE_ALWAYS_INLINE auto* GetMutable3(size_t offset) const {
    using value_type = std::decay_t<decltype(
        std::declval<const Input&>().x7())>;
    using result_type = HierarchicalSingleValueRequestedInputs::value_type<value_type>;
    DCHECK_NE(
        requested_inputs->common.leaf_frame_offsets[3],
        kSkippedOffset);
    return frame.GetMutable(
      ::arolla::FrameLayout::Slot<result_type>::UnsafeSlotFromOffset(
          offset));
  }

  // protopath=`x8` name=`/x8`
  ABSL_ATTRIBUTE_ALWAYS_INLINE auto* GetMutable4(size_t offset) const {
    using value_type = std::decay_t<decltype(
        std::declval<const Input&>().x8())>;
    using result_type = HierarchicalSingleValueRequestedInputs::value_type<value_type>;
    DCHECK_NE(
        requested_inputs->common.leaf_frame_offsets[4],
        kSkippedOffset);
    return frame.GetMutable(
      ::arolla::FrameLayout::Slot<result_type>::UnsafeSlotFromOffset(
          offset));
  }

  // protopath=`x9` name=`/x9`
  ABSL_ATTRIBUTE_ALWAYS_INLINE auto* GetMutable5(size_t offset) const {
    using value_type = std::decay_t<decltype(
        std::declval<const Input&>().x9())>;
    using result_type = HierarchicalSingleValueRequestedInputs::value_type<value_type>;
    DCHECK_NE(
        requested_inputs->common.leaf_frame_offsets[5],
        kSkippedOffset);
    return frame.GetMutable(
      ::arolla::FrameLayout::Slot<result_type>::UnsafeSlotFromOffset(
          offset));
  }

  // protopath=`x_bytes_cord` name=`/x_bytes_cord`
  ABSL_ATTRIBUTE_ALWAYS_INLINE auto* GetMutable6(size_t offset) const {
    using value_type = std::decay_t<decltype(
        std::declval<const Input&>().x_bytes_cord())>;
    using result_type = HierarchicalSingleValueRequestedInputs::value_type<value_type>;
    DCHECK_NE(
        requested_inputs->common.leaf_frame_offsets[6],
        kSkippedOffset);
    return frame.GetMutable(
      ::arolla::FrameLayout::Slot<result_type>::UnsafeSlotFromOffset(
          offset));
  }

  // protopath=`x_bytes_string_view` name=`/x_bytes_string_view`
  ABSL_ATTRIBUTE_ALWAYS_INLINE auto* GetMutable7(size_t offset) const {
    using value_type = std::decay_t<decltype(
        std::declval<const Input&>().x_bytes_string_view())>;
    using result_type = HierarchicalSingleValueRequestedInputs::value_type<value_type>;
    DCHECK_NE(
        requested_inputs->common.leaf_frame_offsets[7],
        kSkippedOffset);
    return frame.GetMutable(
      ::arolla::FrameLayout::Slot<result_type>::UnsafeSlotFromOffset(
          offset));
  }

  // protopath=`x_double` name=`/x_double`
  ABSL_ATTRIBUTE_ALWAYS_INLINE auto* GetMutable8(size_t offset) const {
    using value_type = std::decay_t<decltype(
        std::declval<const Input&>().x_double())>;
    using result_type = HierarchicalSingleValueRequestedInputs::value_type<value_type>;
    DCHECK_NE(
        requested_inputs->common.leaf_frame_offsets[8],
        kSkippedOffset);
    return frame.GetMutable(
      ::arolla::FrameLayout::Slot<result_type>::UnsafeSlotFromOffset(
          offset));
  }

};


using ResultType_0 = std::decay_t<std::remove_pointer_t<
    decltype(std::declval<OutputProvider>().GetMutable0(0))>>;
using ResultType_1 = std::decay_t<std::remove_pointer_t<
    decltype(std::declval<OutputProvider>().GetMutable1(0))>>;
using ResultType_2 = std::decay_t<std::remove_pointer_t<
    decltype(std::declval<OutputProvider>().GetMutable2(0))>>;
using ResultType_3 = std::decay_t<std::remove_pointer_t<
    decltype(std::declval<OutputProvider>().GetMutable3(0))>>;
using ResultType_4 = std::decay_t<std::remove_pointer_t<
    decltype(std::declval<OutputProvider>().GetMutable4(0))>>;
using ResultType_5 = std::decay_t<std::remove_pointer_t<
    decltype(std::declval<OutputProvider>().GetMutable5(0))>>;
using ResultType_6 = std::decay_t<std::remove_pointer_t<
    decltype(std::declval<OutputProvider>().GetMutable6(0))>>;
using ResultType_7 = std::decay_t<std::remove_pointer_t<
    decltype(std::declval<OutputProvider>().GetMutable7(0))>>;
using ResultType_8 = std::decay_t<std::remove_pointer_t<
    decltype(std::declval<OutputProvider>().GetMutable8(0))>>;

// Traverse the proto and put results for all single values to the frame.
class SlotSetter {
 public:

 void CollectResults(const Input& input, const OutputProvider& outputs) {
   const Input& tmp_2 = input;

    // protopath=`ROOT` fictive
    [&]() {
      if (!outputs.requested_inputs->common.node_requested[0]) {
        return;
      }
      const auto& tmp_0 = tmp_2;
      // protopath=`x4` name=`/x4`
      [&]() {
        if (size_t offset = outputs.requested_inputs->common.leaf_frame_offsets[0];
            offset != kSkippedOffset) {
          if (!(AROLLA_PROTO3_COMPATIBLE_HAS(tmp_0, x4))) {
            outputs.GetMutable0(offset)->present = false;
            return;
          }
          auto* output = outputs.GetMutable0(offset);
          output->present = true;
          output->value = ::arolla::proto::ToArollaCompatibleType(
              tmp_0.x4());
        }
      }();
      // protopath=`x5` name=`/x5`
      [&]() {
        if (size_t offset = outputs.requested_inputs->common.leaf_frame_offsets[1];
            offset != kSkippedOffset) {
          if (!(AROLLA_PROTO3_COMPATIBLE_HAS(tmp_0, x5))) {
            outputs.GetMutable1(offset)->present = false;
            return;
          }
          auto* output = outputs.GetMutable1(offset);
          output->present = true;
          output->value = ::arolla::proto::ToArollaCompatibleType(
              tmp_0.x5());
        }
      }();
      // protopath=`x6` name=`/x6`
      [&]() {
        if (size_t offset = outputs.requested_inputs->common.leaf_frame_offsets[2];
            offset != kSkippedOffset) {
          if (!(AROLLA_PROTO3_COMPATIBLE_HAS(tmp_0, x6))) {
            outputs.GetMutable2(offset)->present = false;
            return;
          }
          auto* output = outputs.GetMutable2(offset);
          output->present = true;
          output->value = ::arolla::proto::ToArollaCompatibleType(
              tmp_0.x6());
        }
      }();
      // protopath=`x7` name=`/x7`
      [&]() {
        if (size_t offset = outputs.requested_inputs->common.leaf_frame_offsets[3];
            offset != kSkippedOffset) {
          if (!(AROLLA_PROTO3_COMPATIBLE_HAS(tmp_0, x7))) {
            outputs.GetMutable3(offset)->present = false;
            return;
          }
          auto* output = outputs.GetMutable3(offset);
          output->present = true;
          output->value = ::arolla::proto::ToArollaCompatibleType(
              tmp_0.x7());
        }
      }();
      // protopath=`x8` name=`/x8`
      [&]() {
        if (size_t offset = outputs.requested_inputs->common.leaf_frame_offsets[4];
            offset != kSkippedOffset) {
          if (!(AROLLA_PROTO3_COMPATIBLE_HAS(tmp_0, x8))) {
            outputs.GetMutable4(offset)->present = false;
            return;
          }
          auto* output = outputs.GetMutable4(offset);
          output->present = true;
          output->value = ::arolla::proto::ToArollaCompatibleType(
              tmp_0.x8());
        }
      }();
      // protopath=`x9` name=`/x9`
      [&]() {
        if (size_t offset = outputs.requested_inputs->common.leaf_frame_offsets[5];
            offset != kSkippedOffset) {
          if (!(AROLLA_PROTO3_COMPATIBLE_HAS(tmp_0, x9))) {
            outputs.GetMutable5(offset)->present = false;
            return;
          }
          auto* output = outputs.GetMutable5(offset);
          output->present = true;
          output->value = ::arolla::proto::ToArollaCompatibleType(
              tmp_0.x9());
        }
      }();
      // protopath=`x_bytes_cord` name=`/x_bytes_cord`
      [&]() {
        if (size_t offset = outputs.requested_inputs->common.leaf_frame_offsets[6];
            offset != kSkippedOffset) {
          if (!(AROLLA_PROTO3_COMPATIBLE_HAS(tmp_0, x_bytes_cord))) {
            outputs.GetMutable6(offset)->present = false;
            return;
          }
          auto* output = outputs.GetMutable6(offset);
          output->present = true;
          output->value = ::arolla::proto::ToArollaCompatibleType(
              tmp_0.x_bytes_cord());
        }
      }();
      // protopath=`x_bytes_string_view` name=`/x_bytes_string_view`
      [&]() {
        if (size_t offset = outputs.requested_inputs->common.leaf_frame_offsets[7];
            offset != kSkippedOffset) {
          if (!(AROLLA_PROTO3_COMPATIBLE_HAS(tmp_0, x_bytes_string_view))) {
            outputs.GetMutable7(offset)->present = false;
            return;
          }
          auto* output = outputs.GetMutable7(offset);
          output->present = true;
          output->value = ::arolla::proto::ToArollaCompatibleType(
              tmp_0.x_bytes_string_view());
        }
      }();
    }();
    // protopath=`ROOT` fictive
    [&]() {
      if (!outputs.requested_inputs->common.node_requested[1]) {
        return;
      }
      const auto& tmp_1 = tmp_2;
      // protopath=`x_double` name=`/x_double`
      if (size_t offset = outputs.requested_inputs->common.leaf_frame_offsets[8];
          offset != kSkippedOffset) {
        if (!(AROLLA_PROTO3_COMPATIBLE_HAS(tmp_1, x_double))) {
          outputs.GetMutable8(offset)->present = false;
          return;
        }
        auto* output = outputs.GetMutable8(offset);
        output->present = true;
        output->value = ::arolla::proto::ToArollaCompatibleType(
            tmp_1.x_double());
      }
    }();
  }
};

// InputLoader for all single value protopathes.
class Loader final : public ::arolla::StaticInputLoader<Input> {
 public:
  Loader()
    : ::arolla::StaticInputLoader<Input>(
        // Use special builder to reduce binary size and stack pressure.
        []() {
          ::arolla::codegen::NamedQTypeVectorBuilder builder;
          builder.AddFromCommonPrefixWithPrevious(
              // /x4
              3,
              R"RL_CODEGEN_DELIM(/x4)RL_CODEGEN_DELIM",
              ::arolla::GetQType<ResultType_0>());
          builder.AddFromCommonPrefixWithPrevious(
              // /x5
              3,
              R"RL_CODEGEN_DELIM(5)RL_CODEGEN_DELIM",
              ::arolla::GetQType<ResultType_1>());
          builder.AddFromCommonPrefixWithPrevious(
              // /x6
              3,
              R"RL_CODEGEN_DELIM(6)RL_CODEGEN_DELIM",
              ::arolla::GetQType<ResultType_2>());
          builder.AddFromCommonPrefixWithPrevious(
              // /x7
              3,
              R"RL_CODEGEN_DELIM(7)RL_CODEGEN_DELIM",
              ::arolla::GetQType<ResultType_3>());
          builder.AddFromCommonPrefixWithPrevious(
              // /x8
              3,
              R"RL_CODEGEN_DELIM(8)RL_CODEGEN_DELIM",
              ::arolla::GetQType<ResultType_4>());
          builder.AddFromCommonPrefixWithPrevious(
              // /x9
              3,
              R"RL_CODEGEN_DELIM(9)RL_CODEGEN_DELIM",
              ::arolla::GetQType<ResultType_5>());
          builder.AddFromCommonPrefixWithPrevious(
              // /x_bytes_cord
              13,
              R"RL_CODEGEN_DELIM(_bytes_cord)RL_CODEGEN_DELIM",
              ::arolla::GetQType<ResultType_6>());
          builder.AddFromCommonPrefixWithPrevious(
              // /x_bytes_string_view
              20,
              R"RL_CODEGEN_DELIM(string_view)RL_CODEGEN_DELIM",
              ::arolla::GetQType<ResultType_7>());
          builder.AddFromCommonPrefixWithPrevious(
              // /x_double
              9,
              R"RL_CODEGEN_DELIM(double)RL_CODEGEN_DELIM",
              ::arolla::GetQType<ResultType_8>());
          return std::move(builder).Build();
        }()) {}

 private:
  StatusOr<BoundInputLoader<Input>> BindImpl(
      const absl::flat_hash_map<std::string, TypedSlot>& output_slots)
      const final {
    ASSIGN_OR_RETURN(auto optional_slots,
                     ::arolla::MaybeFindSlotsAndVerifyTypes(
                         types_in_order(), output_slots));
    // Allocate on heap to reduce stack pressure.
    auto inputs = std::make_unique<HierarchicalSingleValueRequestedInputs>();
    auto tree = []() {
      std::vector<std::vector<size_t>> tree(12);
      tree[8] = {0,1,2,3,4,5,6,7};
      tree[10] = {9};
      tree[11] = {8,10};
      return tree;
    }();
    CreateHierarchicalSingleValueRequestedInputs(
      optional_slots,
      /*size_leaves=*/{  },
      tree,
      inputs.get());
    return BoundInputLoader<Input>([inputs=std::move(*inputs)](
        const Input& input, FramePtr frame, RawBufferFactory*) {
      OutputProvider output_getter{&inputs, frame};
      SlotSetter slot_setter;
      slot_setter.CollectResults(input, output_getter);
      return OkStatus();
    });
  }
};

}  // namespace single_value_protopath

}  // namespace

// Returns ChainInputLoader: Accessors, Single- and Multi-value proto.
const InputLoader<Input>*
GetCollectionInputLoader() {
  static const InputLoader<Input>* impl = ChainInputLoader<Input>::Build(
          // Not using make_unique to avoid binary size blowup.
          ::arolla::InputLoaderPtr<Input>(static_cast<InputLoader<Input>*>(
            new single_value_protopath::Loader()))
      )->release();
  return impl;
}
}  // namespace shard2


namespace {

}  // namespace
}  // namespace my_namespace_GetDescriptorBasedLoaderWithoutRepeatedImplNamespace

