#ifndef AROLLA_CODEGEN_IO_TESTING_TEST_SCALAR_ACCESSOR_WITH_DEFAULT_VALUE_INPUT_LOADER_H_
#define AROLLA_CODEGEN_IO_TESTING_TEST_SCALAR_ACCESSOR_WITH_DEFAULT_VALUE_INPUT_LOADER_H_

// THIS FILE IS AUTOGENERATED. DO NOT EDIT.
// Build target: //arolla/codegen/io/testing:test_scalar_accessor_with_default_value_input_loader

#include <memory>
#include <string>


#include "arolla/proto/testing/test.pb.h"
#include "absl//types/span.h"
#include "arolla/io/input_loader.h"

namespace my_namespace {

// Returns generated InputLoader with names:
//
// * a
// * x0
// * x1
// * xf3
// * xf4
// * xrr
//
// and wildcards:
//
//
std::unique_ptr<::arolla::InputLoader<::testing_namespace::Root>>
GetSingleValueWithDefaultProtoLoader();

}  // namespace my_namespace

#endif  // AROLLA_CODEGEN_IO_TESTING_TEST_SCALAR_ACCESSOR_WITH_DEFAULT_VALUE_INPUT_LOADER_H_
