#ifndef AROLLA_CODEGEN_IO_TESTING_TEST_REPEATED_PROTO_INPUT_LOADER_H_
#define AROLLA_CODEGEN_IO_TESTING_TEST_REPEATED_PROTO_INPUT_LOADER_H_

// THIS FILE IS AUTOGENERATED. DO NOT EDIT.
// Build target: //arolla/codegen/io/testing:test_repeated_proto_input_loader

#include <string>


#include "arolla/codegen/io/testing/test_proto_qtype.h"
#include "arolla/proto/test.pb.h"
#include "arolla/util/bytes.h"
#include "arolla/util/text.h"
#include "absl/types/span.h"
#include "arolla/io/input_loader.h"

namespace my_namespace {

// Returns generated InputLoader with names:
//
// * /inners
// * inner__as
// * inners1__as
// * inners__a
// * inners__as
// * inners__as1
// * inners__as_size
// * inners__inner2__z
// * inners__raw_bytes
// * inners__str
// * inners_size
// * map_inner__keys
// * map_inner__value_a
// * map_inner_size
// * sr3_inners_as
// * ys
//
// and wildcards:
//
//
::arolla::InputLoaderPtr<::testing_namespace::Root>
GetRepeatedProtoLoader();

}  // namespace my_namespace

#endif  // AROLLA_CODEGEN_IO_TESTING_TEST_REPEATED_PROTO_INPUT_LOADER_H_
