#ifndef AROLLA_CODEGEN_IO_TESTING_TEST_SLOT_LISTENER_FILTERED_FOR_MODEL_H_
#define AROLLA_CODEGEN_IO_TESTING_TEST_SLOT_LISTENER_FILTERED_FOR_MODEL_H_

// THIS FILE IS AUTOGENERATED. DO NOT EDIT.
// Build target: //arolla/codegen/io/testing:test_slot_listener_filtered_for_model

#include "arolla/codegen/io/multi_loader.h"
#include "arolla/proto/test.pb.h"
#include "arolla/proto/types.h"
#include "arolla/util/map.h"
#include "arolla/io/slot_listener.h"

namespace my_namespace {

// Returns generated SlotListener with names:
// * bit0_plus1
// * bit0_self
// * plus1_bit0
// * self_bit0
std::unique_ptr<::arolla::SlotListener<::testing_namespace::Root>>
GetFilteredSlotListener();

}  // namespace my_namespace

#endif  // AROLLA_CODEGEN_IO_TESTING_TEST_SLOT_LISTENER_FILTERED_FOR_MODEL_H_
