#ifndef AROLLA_CODEGEN_IO_TESTING_TEST_SHARDED_SLOT_LISTENER_SET_H_
#define AROLLA_CODEGEN_IO_TESTING_TEST_SHARDED_SLOT_LISTENER_SET_H_

// THIS FILE IS AUTOGENERATED. DO NOT EDIT.
// Build target: //arolla/codegen/io/testing:test_sharded_slot_listener_set

#include "arolla/io/slot_listener.h"

namespace aaa {

// Returns generated SlotListener with names:
// * a3
// * a5
std::unique_ptr<::arolla::SlotListener<::std::array<int, 10>>>
GetShardedListener1();

}  // namespace aaa

namespace bbb {

// Returns generated SlotListener with names:
// * a2
// * a3
std::unique_ptr<::arolla::SlotListener<::std::array<float, 5>>>
GetShardedListener2();

}  // namespace bbb

#endif  // AROLLA_CODEGEN_IO_TESTING_TEST_SHARDED_SLOT_LISTENER_SET_H_
