#ifndef AROLLA_CODEGEN_IO_TESTING_TEST_DESCRIPTOR_INPUT_LOADER_WITH_NO_REPEATED_H_
#define AROLLA_CODEGEN_IO_TESTING_TEST_DESCRIPTOR_INPUT_LOADER_WITH_NO_REPEATED_H_

// THIS FILE IS AUTOGENERATED. DO NOT EDIT.
// Build target: //arolla/codegen/io/testing:test_descriptor_input_loader_with_no_repeated

#include <memory>
#include <string>


#include "arolla/proto/testing/test.pb.h"
#include "arolla/proto/testing/test_proto3.pb.h"
#include "arolla/util/text.h"
#include "absl//types/span.h"
#include "arolla/io/input_loader.h"

namespace my_namespace {

// Returns generated InputLoader with names:
//
// * /BrOkEn_CaSe
// * /inner/a
// * /inner/bytes_cord
// * /inner/inner2/z
// * /inner/raw_bytes
// * /inner/str
// * /inner/str_cord
// * /private
// * /proto3/non_optional_i32
// * /raw_bytes
// * /str
// * /x
// * /x0
// * /x1
// * /x2
// * /x3
// * /x4
// * /x5
// * /x6
// * /x7
// * /x8
// * /x9
// * /x_bytes_cord
// * /x_double
// * /x_enum
// * /x_fixed64
// * /x_float
// * /x_int64
// * /x_string_cord
// * /x_uint32
// * /x_uint64
//
// and wildcards:
//
//
std::unique_ptr<::arolla::InputLoader<::testing_namespace::Root>>
GetDescriptorBasedLoaderWithoutRepeated();

// InputLoaders for shards.
std::vector<std::unique_ptr<::arolla::InputLoader<::testing_namespace::Root>>>
GetDescriptorBasedLoaderWithoutRepeated_Shards();

}  // namespace my_namespace

#endif  // AROLLA_CODEGEN_IO_TESTING_TEST_DESCRIPTOR_INPUT_LOADER_WITH_NO_REPEATED_H_
