#ifndef AROLLA_CODEGEN_IO_TESTING_TEST_INPUT_LOADER_SET_H_
#define AROLLA_CODEGEN_IO_TESTING_TEST_INPUT_LOADER_SET_H_

// THIS FILE IS AUTOGENERATED. DO NOT EDIT.
// Build target: //arolla/codegen/io/testing:test_input_loader_set

#include <memory>
#include <string>


#include "absl/types/span.h"
#include "arolla/io/input_loader.h"

namespace aaa {

// Returns generated InputLoader with names:
//
// * a3
// * a5
//
// and wildcards:
//
//
std::unique_ptr<::arolla::InputLoader<::std::array<int, 10>>>
GetLoader1();

}  // namespace aaa

namespace bbb {

// Returns generated InputLoader with names:
//
// * a2
// * a3
//
// and wildcards:
//
//
std::unique_ptr<::arolla::InputLoader<::std::array<float, 5>>>
GetLoader2();

}  // namespace bbb

#endif  // AROLLA_CODEGEN_IO_TESTING_TEST_INPUT_LOADER_SET_H_
