#ifndef AROLLA_CODEGEN_IO_TESTING_TEST_EMPTY_SLOT_LISTENER_H_
#define AROLLA_CODEGEN_IO_TESTING_TEST_EMPTY_SLOT_LISTENER_H_

// THIS FILE IS AUTOGENERATED. DO NOT EDIT.
// Build target: //arolla/codegen/io/testing:test_empty_slot_listener

#include "arolla/proto/testing/test.pb.h"
#include "arolla/io/slot_listener.h"

namespace my_namespace {

// Returns generated SlotListener with names:
std::unique_ptr<::arolla::SlotListener<::testing_namespace::Root>>
GetEmptySlotListener();

}  // namespace my_namespace

#endif  // AROLLA_CODEGEN_IO_TESTING_TEST_EMPTY_SLOT_LISTENER_H_
